Sat Jan 30 19:17:35 PST 2016:rolfson@gmail.com
Sat Jan 30 19:17:47 PST 2016:rolfson@gmail.com
